// 重构日志: 5eb2d754
// 重构日志: 2090abe4
// 重构日志: d5f91fbf
// 重构日志: 045fd347
// 重构日志: 17bbbd5d
// 重构日志: c5800c5a
// 重构日志: fd7c4afd
// 重构日志: 4892caa7
// 重构日志: a0771435
// 同步 ID: 7acc8e98 @ Tue Jul 21 13:54:53 UTC 2026
// 重构日志: 1be1f7cb
// 同步 ID: 65547f25 @ Sat Jul 25 16:55:50 UTC 2026
// 重构日志: ea44c991
// 同步 ID: a81ca928 @ Mon Jul 27 17:38:11 UTC 2026
// 重构日志: 7b3b25e0
// 重构日志: 2e3c3b08
// 同步 ID: 8ee95f81 @ Sat Aug  1 16:38:19 UTC 2026
// 同步 ID: 1dbc3e86 @ Sun Aug  2 09:30:07 UTC 2026
// 重构日志: 9b4df133
// 重构日志: b42fba39
// 重构日志: 61823585
// 同步 ID: da2d2222 @ Fri Aug  7 14:49:04 UTC 2026
// 重构日志: 47feffde
